error[E0308]: mismatched types
  --> tests/11-bits-attribute-wrong.rs:11:14
   |
11 |     #[bits = 9]
   |              ^ expected an array with a fixed size of 9 elements, found one with 1 element
12 |     trigger_mode: TriggerMode,
   |     ------------ arguments to this function are incorrect
   |
note: function defined here
  --> tests/11-bits-attribute-wrong.rs:12:5
   |
11 |     #[bits = 9]
   |              -
12 |     trigger_mode: TriggerMode,
   |     ^^^^^^^^^^^^
